--------------------------------------------------------------------------------------
Timing Analyzer Summary
--------------------------------------------------------------------------------------

Type           : Worst-case tsu
Slack          : N/A
Required Time  : None
Actual Time    : 3.395 ns
From           : senzor_2
To             : Logica_miscare:inst6|dreapta
From Clock     : --
To Clock       : senzor_3
Failed Paths   : 0

Type           : Worst-case tco
Slack          : N/A
Required Time  : None
Actual Time    : 18.394 ns
From           : numarator_1000:inst|numarator_10:inst2|inst11
To             : A[10]
From Clock     : clk
To Clock       : --
Failed Paths   : 0

Type           : Worst-case tpd
Slack          : N/A
Required Time  : None
Actual Time    : 13.156 ns
From           : senzor_2
To             : B_IN4_D1
From Clock     : --
To Clock       : --
Failed Paths   : 0

Type           : Worst-case th
Slack          : N/A
Required Time  : None
Actual Time    : -2.098 ns
From           : senzor_4
To             : Logica_miscare:inst6|stanga
From Clock     : --
To Clock       : senzor_3
Failed Paths   : 0

Type           : Clock Setup: 'clk'
Slack          : N/A
Required Time  : None
Actual Time    : 285.71 MHz ( period = 3.500 ns )
From           : numarator_1000:inst|numarator_10:inst1|inst10
To             : numarator_1000:inst|numarator_10:inst1|inst12
From Clock     : clk
To Clock       : clk
Failed Paths   : 0

Type           : Clock Setup: 'buton'
Slack          : N/A
Required Time  : None
Actual Time    : Restricted to 360.10 MHz ( period = 2.777 ns )
From           : Selectie_proba:inst1|circuit[1]
To             : Selectie_proba:inst1|led2
From Clock     : buton
To Clock       : buton
Failed Paths   : 0

Type           : Clock Hold: 'clk'
Slack          : Not operational: Clock Skew > Data Delay
Required Time  : None
Actual Time    : N/A
From           : numarator_1000:inst|numarator_10:inst|inst9
To             : numarator_1000:inst|numarator_10:inst|inst11
From Clock     : clk
To Clock       : clk
Failed Paths   : 6

Type           : Total number of failed paths
Slack          : 
Required Time  : 
Actual Time    : 
From           : 
To             : 
From Clock     : 
To Clock       : 
Failed Paths   : 6

--------------------------------------------------------------------------------------

