--------------------------------------------------------------------------------------
Timing Analyzer Summary
--------------------------------------------------------------------------------------

Type           : Worst-case tsu
Slack          : N/A
Required Time  : None
Actual Time    : 5.450 ns
From           : senzor_2
To             : Logica_miscare:inst6|dreapta
From Clock     : --
To Clock       : senzor_3
Failed Paths   : 0

Type           : Worst-case tco
Slack          : N/A
Required Time  : None
Actual Time    : 29.417 ns
From           : afisare_multiplexata:inst11|f
To             : f
From Clock     : clk
To Clock       : --
Failed Paths   : 0

Type           : Worst-case th
Slack          : N/A
Required Time  : None
Actual Time    : 11.635 ns
From           : senzor_2
To             : debouncing:inst17|inst
From Clock     : --
To Clock       : clk
Failed Paths   : 0

Type           : Clock Setup: 'clk'
Slack          : N/A
Required Time  : None
Actual Time    : 92.34 MHz ( period = 10.830 ns )
From           : intarziere_semnal:inst3|semnal_out
To             : afisare_multiplexata:inst11|mux_out[1]
From Clock     : clk
To Clock       : clk
Failed Paths   : 0

Type           : Clock Hold: 'clk'
Slack          : Not operational: Clock Skew > Data Delay
Required Time  : None
Actual Time    : N/A
From           : afisare_multiplexata:inst11|mux_out[3]
To             : afisare_multiplexata:inst11|g
From Clock     : clk
To Clock       : clk
Failed Paths   : 42

Type           : Total number of failed paths
Slack          : 
Required Time  : 
Actual Time    : 
From           : 
To             : 
From Clock     : 
To Clock       : 
Failed Paths   : 42

--------------------------------------------------------------------------------------

